// Jest Snapshot v1, https://goo.gl/fbAQLP

exports[`MoviesService should favorite a movie 1`] = `
[
  {
    "adult": false,
    "backdropPath": "https://image.tmdb.org/t/p/w185Movie Backdrop Path",
    "genreIds": [
      1,
      2,
    ],
    "genres": [
      {
        "id": 1,
        "name": "Genre 1",
      },
      {
        "id": 2,
        "name": "Genre 2",
      },
    ],
    "id": 1,
    "originalLanguage": "en",
    "originalTitle": "Movie Original Title",
    "overview": "Movie Overview",
    "popularity": 10,
    "posterPath": "https://image.tmdb.org/t/p/w185Movie Poster Path",
    "releaseDate": "2021-01-01",
    "title": "Movie Title",
    "video": false,
    "voteAverage": 10,
    "voteCount": 100,
  },
  {
    "adult": false,
    "backdropPath": "https://image.tmdb.org/t/p/w185Movie Backdrop Path",
    "genreIds": [
      1,
      2,
    ],
    "genres": [
      {
        "id": 1,
        "name": "Genre 1",
      },
      {
        "id": 2,
        "name": "Genre 2",
      },
    ],
    "id": 1,
    "originalLanguage": "en",
    "originalTitle": "Movie Original Title",
    "overview": "Movie Overview",
    "popularity": 10,
    "posterPath": "https://image.tmdb.org/t/p/w185Movie Poster Path",
    "releaseDate": "2021-01-01",
    "title": "Movie Title",
    "video": false,
    "voteAverage": 10,
    "voteCount": 100,
  },
]
`;
